// Jest Snapshot v1, https://goo.gl/fbAQLP

exports[`<CollectionCard /> renders correctly and matches the snapshot 1`] = `
<View
  accessibilityState={
    {
      "busy": undefined,
      "checked": undefined,
      "disabled": undefined,
      "expanded": undefined,
      "selected": undefined,
    }
  }
  accessibilityValue={
    {
      "max": undefined,
      "min": undefined,
      "now": undefined,
      "text": undefined,
    }
  }
  accessible={true}
  collapsable={false}
  focusable={true}
  onBlur={[Function]}
  onClick={[Function]}
  onFocus={[Function]}
  onResponderGrant={[Function]}
  onResponderMove={[Function]}
  onResponderRelease={[Function]}
  onResponderTerminate={[Function]}
  onResponderTerminationRequest={[Function]}
  onStartShouldSetResponder={[Function]}
>
  <View
    style={
      {
        "backgroundColor": "white",
        "borderRadius": 5,
        "elevation": 5,
        "flexDirection": "row",
        "marginBottom": 10,
        "overflow": "visible",
        "padding": 10,
        "shadowColor": "#000",
        "shadowOffset": {
          "height": 2,
          "width": 0,
        },
        "shadowOpacity": 0.45,
        "shadowRadius": 4.84,
      }
    }
  >
    <View
      style={
        {
          "alignItems": "center",
          "flex": 1,
          "justifyContent": "center",
          "marginRight": 10,
        }
      }
    >
      <View
        style={
          [
            {
              "borderColor": "grey",
              "borderRadius": 10,
              "borderWidth": 1,
              "height": 13,
              "width": 13,
            },
            {
              "backgroundColor": "#557F60",
            },
          ]
        }
      />
    </View>
    <View
      style={
        {
          "backgroundColor": "#b0b0b0",
          "height": "100%",
          "width": 1,
        }
      }
    />
    <View
      style={
        {
          "flex": 9,
          "justifyContent": "center",
          "marginVertical": 17,
        }
      }
    >
      <Text
        style={
          {
            "marginRight": 13,
            "textAlign": "right",
          }
        }
      >
        Collection 1
      </Text>
    </View>
  </View>
</View>
`;
