// Jest Snapshot v1, https://goo.gl/fbAQLP

exports[`<PlantCard /> renders correctly and matches the snapshot 1`] = `
<View
  accessibilityState={
    {
      "busy": undefined,
      "checked": undefined,
      "disabled": undefined,
      "expanded": undefined,
      "selected": undefined,
    }
  }
  accessibilityValue={
    {
      "max": undefined,
      "min": undefined,
      "now": undefined,
      "text": undefined,
    }
  }
  accessible={true}
  collapsable={false}
  focusable={true}
  onBlur={[Function]}
  onClick={[Function]}
  onFocus={[Function]}
  onResponderGrant={[Function]}
  onResponderMove={[Function]}
  onResponderRelease={[Function]}
  onResponderTerminate={[Function]}
  onResponderTerminationRequest={[Function]}
  onStartShouldSetResponder={[Function]}
>
  <View
    style={
      {
        "backgroundColor": "white",
        "borderRadius": 5,
        "elevation": 5,
        "flexDirection": "row",
        "marginBottom": 10,
        "overflow": "visible",
        "padding": 10,
        "shadowColor": "#000",
        "shadowOffset": {
          "height": 2,
          "width": 0,
        },
        "shadowOpacity": 0.45,
        "shadowRadius": 4.84,
      }
    }
  >
    <Image
      source={
        {
          "uri": "data:image/jpeg;base64,base64image",
        }
      }
      style={
        {
          "alignSelf": "center",
          "height": "100%",
          "width": "50%",
        }
      }
    />
    <View
      style={
        {
          "flex": 9,
          "justifyContent": "center",
          "marginVertical": 17,
        }
      }
    >
      <Text
        style={
          {
            "fontSize": 20,
            "marginRight": 13,
            "textAlign": "right",
          }
        }
      >
        Plant 1
      </Text>
      <Text
        style={
          {
            "fontSize": 20,
            "marginRight": 13,
            "textAlign": "right",
          }
        }
      >
        3 d
      </Text>
      <Text
        style={
          {
            "fontSize": 20,
            "marginRight": 13,
            "textAlign": "right",
          }
        }
      >
        200 ml
      </Text>
    </View>
  </View>
</View>
`;
